Archive member included to satisfy reference by file (symbol)

C:/ST/STM32CubeIDE_1.13.0/STM32CubeIDE/plugins/com.st.stm32cube.ide.mcu.externaltools.gnu-tools-for-stm32.11.3.rel1.win32_1.1.0.202305231506/tools/bin/../lib/gcc/arm-none-eabi/11.3.1/../../../../arm-none-eabi/lib/thumb/v7-m/nofp\libc_nano.a(libc_a-exit.o)
                              C:/ST/STM32CubeIDE_1.13.0/STM32CubeIDE/plugins/com.st.stm32cube.ide.mcu.externaltools.gnu-tools-for-stm32.11.3.rel1.win32_1.1.0.202305231506/tools/bin/../lib/gcc/arm-none-eabi/11.3.1/../../../../arm-none-eabi/lib/thumb/v7-m/nofp/crt0.o (exit)
C:/ST/STM32CubeIDE_1.13.0/STM32CubeIDE/plugins/com.st.stm32cube.ide.mcu.externaltools.gnu-tools-for-stm32.11.3.rel1.win32_1.1.0.202305231506/tools/bin/../lib/gcc/arm-none-eabi/11.3.1/../../../../arm-none-eabi/lib/thumb/v7-m/nofp\libc_nano.a(libc_a-findfp.o)
                              C:/ST/STM32CubeIDE_1.13.0/STM32CubeIDE/plugins/com.st.stm32cube.ide.mcu.externaltools.gnu-tools-for-stm32.11.3.rel1.win32_1.1.0.202305231506/tools/bin/../lib/gcc/arm-none-eabi/11.3.1/../../../../arm-none-eabi/lib/thumb/v7-m/nofp\libc_nano.a(libc_a-exit.o) (__stdio_exit_handler)
C:/ST/STM32CubeIDE_1.13.0/STM32CubeIDE/plugins/com.st.stm32cube.ide.mcu.externaltools.gnu-tools-for-stm32.11.3.rel1.win32_1.1.0.202305231506/tools/bin/../lib/gcc/arm-none-eabi/11.3.1/../../../../arm-none-eabi/lib/thumb/v7-m/nofp\libc_nano.a(libc_a-fwalk.o)
                              C:/ST/STM32CubeIDE_1.13.0/STM32CubeIDE/plugins/com.st.stm32cube.ide.mcu.externaltools.gnu-tools-for-stm32.11.3.rel1.win32_1.1.0.202305231506/tools/bin/../lib/gcc/arm-none-eabi/11.3.1/../../../../arm-none-eabi/lib/thumb/v7-m/nofp\libc_nano.a(libc_a-findfp.o) (_fwalk_sglue)
C:/ST/STM32CubeIDE_1.13.0/STM32CubeIDE/plugins/com.st.stm32cube.ide.mcu.externaltools.gnu-tools-for-stm32.11.3.rel1.win32_1.1.0.202305231506/tools/bin/../lib/gcc/arm-none-eabi/11.3.1/../../../../arm-none-eabi/lib/thumb/v7-m/nofp\libc_nano.a(libc_a-stdio.o)
                              C:/ST/STM32CubeIDE_1.13.0/STM32CubeIDE/plugins/com.st.stm32cube.ide.mcu.externaltools.gnu-tools-for-stm32.11.3.rel1.win32_1.1.0.202305231506/tools/bin/../lib/gcc/arm-none-eabi/11.3.1/../../../../arm-none-eabi/lib/thumb/v7-m/nofp\libc_nano.a(libc_a-findfp.o) (__sread)
C:/ST/STM32CubeIDE_1.13.0/STM32CubeIDE/plugins/com.st.stm32cube.ide.mcu.externaltools.gnu-tools-for-stm32.11.3.rel1.win32_1.1.0.202305231506/tools/bin/../lib/gcc/arm-none-eabi/11.3.1/../../../../arm-none-eabi/lib/thumb/v7-m/nofp\libc_nano.a(libc_a-memset.o)
                              C:/ST/STM32CubeIDE_1.13.0/STM32CubeIDE/plugins/com.st.stm32cube.ide.mcu.externaltools.gnu-tools-for-stm32.11.3.rel1.win32_1.1.0.202305231506/tools/bin/../lib/gcc/arm-none-eabi/11.3.1/../../../../arm-none-eabi/lib/thumb/v7-m/nofp/crt0.o (memset)
C:/ST/STM32CubeIDE_1.13.0/STM32CubeIDE/plugins/com.st.stm32cube.ide.mcu.externaltools.gnu-tools-for-stm32.11.3.rel1.win32_1.1.0.202305231506/tools/bin/../lib/gcc/arm-none-eabi/11.3.1/../../../../arm-none-eabi/lib/thumb/v7-m/nofp\libc_nano.a(libc_a-closer.o)
                              C:/ST/STM32CubeIDE_1.13.0/STM32CubeIDE/plugins/com.st.stm32cube.ide.mcu.externaltools.gnu-tools-for-stm32.11.3.rel1.win32_1.1.0.202305231506/tools/bin/../lib/gcc/arm-none-eabi/11.3.1/../../../../arm-none-eabi/lib/thumb/v7-m/nofp\libc_nano.a(libc_a-stdio.o) (_close_r)
C:/ST/STM32CubeIDE_1.13.0/STM32CubeIDE/plugins/com.st.stm32cube.ide.mcu.externaltools.gnu-tools-for-stm32.11.3.rel1.win32_1.1.0.202305231506/tools/bin/../lib/gcc/arm-none-eabi/11.3.1/../../../../arm-none-eabi/lib/thumb/v7-m/nofp\libc_nano.a(libc_a-reent.o)
                              C:/ST/STM32CubeIDE_1.13.0/STM32CubeIDE/plugins/com.st.stm32cube.ide.mcu.externaltools.gnu-tools-for-stm32.11.3.rel1.win32_1.1.0.202305231506/tools/bin/../lib/gcc/arm-none-eabi/11.3.1/../../../../arm-none-eabi/lib/thumb/v7-m/nofp\libc_nano.a(libc_a-closer.o) (errno)
C:/ST/STM32CubeIDE_1.13.0/STM32CubeIDE/plugins/com.st.stm32cube.ide.mcu.externaltools.gnu-tools-for-stm32.11.3.rel1.win32_1.1.0.202305231506/tools/bin/../lib/gcc/arm-none-eabi/11.3.1/../../../../arm-none-eabi/lib/thumb/v7-m/nofp\libc_nano.a(libc_a-impure.o)
                              C:/ST/STM32CubeIDE_1.13.0/STM32CubeIDE/plugins/com.st.stm32cube.ide.mcu.externaltools.gnu-tools-for-stm32.11.3.rel1.win32_1.1.0.202305231506/tools/bin/../lib/gcc/arm-none-eabi/11.3.1/../../../../arm-none-eabi/lib/thumb/v7-m/nofp\libc_nano.a(libc_a-reent.o) (_impure_ptr)
C:/ST/STM32CubeIDE_1.13.0/STM32CubeIDE/plugins/com.st.stm32cube.ide.mcu.externaltools.gnu-tools-for-stm32.11.3.rel1.win32_1.1.0.202305231506/tools/bin/../lib/gcc/arm-none-eabi/11.3.1/../../../../arm-none-eabi/lib/thumb/v7-m/nofp\libc_nano.a(libc_a-lseekr.o)
[...]
Memory Configuration

Name             Origin             Length             Attributes
RAM              0x0000000020000000 0x0000000000005000 xrw
FLASH            0x0000000008000000 0x0000000000010000 xr
*default*        0x0000000000000000 0xffffffffffffffff

Linker script and memory map

LOAD C:/ST/STM32CubeIDE_1.13.0/STM32CubeIDE/plugins/com.st.stm32cube.ide.mcu.externaltools.gnu-tools-for-stm32.11.3.rel1.win32_1.1.0.202305231506/tools/bin/../lib/gcc/arm-none-eabi/11.3.1/thumb/v7-m/nofp/crti.o
LOAD C:/ST/STM32CubeIDE_1.13.0/STM32CubeIDE/plugins/com.st.stm32cube.ide.mcu.externaltools.gnu-tools-for-stm32.11.3.rel1.win32_1.1.0.202305231506/tools/bin/../lib/gcc/arm-none-eabi/11.3.1/thumb/v7-m/nofp/crtbegin.o
LOAD C:/ST/STM32CubeIDE_1.13.0/STM32CubeIDE/plugins/com.st.stm32cube.ide.mcu.externaltools.gnu-tools-for-stm32.11.3.rel1.win32_1.1.0.202305231506/tools/bin/../lib/gcc/arm-none-eabi/11.3.1/../../../../arm-none-eabi/lib/thumb/v7-m/nofp/crt0.o
LOAD ./Core/Src/FPEC_program.o
LOAD ./Core/Src/GPIO_program.o
LOAD ./Core/Src/Parse.o
LOAD ./Core/Src/RCC_program.o
LOAD ./Core/Src/SYSTICK_program.o
LOAD ./Core/Src/UART_program.o
LOAD ./Core/Src/main.o
LOAD ./Core/Src/stm32f1xx_hal_msp.o
LOAD ./Core/Src/stm32f1xx_it.o
LOAD ./Core/Src/syscalls.o
LOAD ./Core/Src/sysmem.o
LOAD ./Core/Src/system_stm32f1xx.o
LOAD ./Core/Startup/startup_stm32f103c8tx.o
LOAD ./Drivers/STM32F1xx_HAL_Driver/Src/stm32f1xx_hal.o
LOAD ./Drivers/STM32F1xx_HAL_Driver/Src/stm32f1xx_hal_can.o
LOAD ./Drivers/STM32F1xx_HAL_Driver/Src/stm32f1xx_hal_cortex.o
LOAD ./Drivers/STM32F1xx_HAL_Driver/Src/stm32f1xx_hal_dma.o
LOAD ./Drivers/STM32F1xx_HAL_Driver/Src/stm32f1xx_hal_exti.o
LOAD ./Drivers/STM32F1xx_HAL_Driver/Src/stm32f1xx_hal_flash.o
LOAD ./Drivers/STM32F1xx_HAL_Driver/Src/stm32f1xx_hal_flash_ex.o
LOAD ./Drivers/STM32F1xx_HAL_Driver/Src/stm32f1xx_hal_gpio.o
LOAD ./Drivers/STM32F1xx_HAL_Driver/Src/stm32f1xx_hal_gpio_ex.o
LOAD ./Drivers/STM32F1xx_HAL_Driver/Src/stm32f1xx_hal_pwr.o
LOAD ./Drivers/STM32F1xx_HAL_Driver/Src/stm32f1xx_hal_rcc.o
LOAD ./Drivers/STM32F1xx_HAL_Driver/Src/stm32f1xx_hal_rcc_ex.o
LOAD ./Drivers/STM32F1xx_HAL_Driver/Src/stm32f1xx_hal_tim.o
LOAD ./Drivers/STM32F1xx_HAL_Driver/Src/stm32f1xx_hal_tim_ex.o
START GROUP
LOAD C:/ST/STM32CubeIDE_1.13.0/STM32CubeIDE/plugins/com.st.stm32cube.ide.mcu.externaltools.gnu-tools-for-stm32.11.3.rel1.win32_1.1.0.202305231506/tools/bin/../lib/gcc/arm-none-eabi/11.3.1/../../../../arm-none-eabi/lib/thumb/v7-m/nofp\libc_nano.a
LOAD C:/ST/STM32CubeIDE_1.13.0/STM32CubeIDE/plugins/com.st.stm32cube.ide.mcu.externaltools.gnu-tools-for-stm32.11.3.rel1.win32_1.1.0.202305231506/tools/bin/../lib/gcc/arm-none-eabi/11.3.1/../../../../arm-none-eabi/lib/thumb/v7-m/nofp\libm.a
END GROUP
START GROUP
LOAD C:/ST/STM32CubeIDE_1.13.0/STM32CubeIDE/plugins/com.st.stm32cube.ide.mcu.externaltools.gnu-tools-for-stm32.11.3.rel1.win32_1.1.0.202305231506/tools/bin/../lib/gcc/arm-none-eabi/11.3.1/thumb/v7-m/nofp\libgcc.a
LOAD C:/ST/STM32CubeIDE_1.13.0/STM32CubeIDE/plugins/com.st.stm32cube.ide.mcu.externaltools.gnu-tools-for-stm32.11.3.rel1.win32_1.1.0.202305231506/tools/bin/../lib/gcc/arm-none-eabi/11.3.1/../../../../arm-none-eabi/lib/thumb/v7-m/nofp\libc_nano.a
END GROUP
START GROUP
LOAD C:/ST/STM32CubeIDE_1.13.0/STM32CubeIDE/plugins/com.st.stm32cube.ide.mcu.externaltools.gnu-tools-for-stm32.11.3.rel1.win32_1.1.0.202305231506/tools/bin/../lib/gcc/arm-none-eabi/11.3.1/thumb/v7-m/nofp\libgcc.a
LOAD C:/ST/STM32CubeIDE_1.13.0/STM32CubeIDE/plugins/com.st.stm32cube.ide.mcu.externaltools.gnu-tools-for-stm32.11.3.rel1.win32_1.1.0.202305231506/tools/bin/../lib/gcc/arm-none-eabi/11.3.1/../../../../arm-none-eabi/lib/thumb/v7-m/nofp\libc_nano.a
LOAD C:/ST/STM32CubeIDE_1.13.0/STM32CubeIDE/plugins/com.st.stm32cube.ide.mcu.externaltools.gnu-tools-for-stm32.11.3.rel1.win32_1.1.0.202305231506/tools/bin/../lib/gcc/arm-none-eabi/11.3.1/../../../../arm-none-eabi/lib/thumb/v7-m/nofp\libnosys.a
END GROUP
START GROUP
LOAD C:/ST/STM32CubeIDE_1.13.0/STM32CubeIDE/plugins/com.st.stm32cube.ide.mcu.externaltools.gnu-tools-for-stm32.11.3.rel1.win32_1.1.0.202305231506/tools/bin/../lib/gcc/arm-none-eabi/11.3.1/thumb/v7-m/nofp\libgcc.a
LOAD C:/ST/STM32CubeIDE_1.13.0/STM32CubeIDE/plugins/com.st.stm32cube.ide.mcu.externaltools.gnu-tools-for-stm32.11.3.rel1.win32_1.1.0.202305231506/tools/bin/../lib/gcc/arm-none-eabi/11.3.1/../../../../arm-none-eabi/lib/thumb/v7-m/nofp\libc_nano.a
LOAD C:/ST/STM32CubeIDE_1.13.0/STM32CubeIDE/plugins/com.st.stm32cube.ide.mcu.externaltools.gnu-tools-for-stm32.11.3.rel1.win32_1.1.0.202305231506/tools/bin/../lib/gcc/arm-none-eabi/11.3.1/../../../../arm-none-eabi/lib/thumb/v7-m/nofp\libnosys.a
END GROUP
LOAD C:/ST/STM32CubeIDE_1.13.0/STM32CubeIDE/plugins/com.st.stm32cube.ide.mcu.externaltools.gnu-tools-for-stm32.11.3.rel1.win32_1.1.0.202305231506/tools/bin/../lib/gcc/arm-none-eabi/11.3.1/thumb/v7-m/nofp/crtend.o
LOAD C:/ST/STM32CubeIDE_1.13.0/STM32CubeIDE/plugins/com.st.stm32cube.ide.mcu.externaltools.gnu-tools-for-stm32.11.3.rel1.win32_1.1.0.202305231506/tools/bin/../lib/gcc/arm-none-eabi/11.3.1/thumb/v7-m/nofp/crtn.o
                0x0000000020005000                _estack = (ORIGIN (RAM) + LENGTH (RAM))
                0x0000000000000200                _Min_Heap_Size = 0x200
                0x0000000000000400                _Min_Stack_Size = 0x400

.isr_vector     0x0000000008000000      0x10c
                0x0000000008000000                . = ALIGN (0x4)
 *(.isr_vector)
 .isr_vector    0x0000000008000000      0x10c ./Core/Startup/startup_stm32f103c8tx.o
                0x0000000008000000                g_pfnVectors
                0x000000000800010c                . = ALIGN (0x4)

.text           0x000000000800010c     0x27c0
                0x000000000800010c                . = ALIGN (0x4)
 *(.text)
 .text          0x000000000800010c       0x40 C:/ST/STM32CubeIDE_1.13.0/STM32CubeIDE/plugins/com.st.stm32cube.ide.mcu.externaltools.gnu-tools-for-stm32.11.3.rel1.win32_1.1.0.202305231506/tools/bin/../lib/gcc/arm-none-eabi/11.3.1/thumb/v7-m/nofp/crtbegin.o
 *(.text*)
 .text.FPEC_voidEraseAppArea
                0x000000000800014c       0x2a ./Core/Src/FPEC_program.o
                0x000000000800014c                FPEC_voidEraseAppArea
 *fill*         0x0000000008000176        0x2 
 .text.FPEC_voidFlashPageErase
                0x0000000008000178       0x94 ./Core/Src/FPEC_program.o
                0x0000000008000178                FPEC_voidFlashPageErase
 .text.FPEC_voidFlashWrite
                0x000000000800020c       0xa8 ./Core/Src/FPEC_program.o
                0x000000000800020c                FPEC_voidFlashWrite
 .text.GPIO_VidSetPinDirection
                0x00000000080002b4      0x1b0 ./Core/Src/GPIO_program.o
                0x00000000080002b4                GPIO_VidSetPinDirection
 .text.Parser_u8AsciToHex
                0x0000000008000464       0x30 ./Core/Src/Parse.o
                0x0000000008000464                Parser_u8AsciToHex
 .text.Pareser_voidParseData
                0x0000000008000494      0x16c ./Core/Src/Parse.o
                0x0000000008000494                Pareser_voidParseData
 .text.Parser_voidParseUpperAddress
                0x0000000008000600       0x12 ./Core/Src/Parse.o
                0x0000000008000600                Parser_voidParseUpperAddress
 .text.Parser_voidParseRecord
                0x0000000008000612       0x30 ./Core/Src/Parse.o
                0x0000000008000612                Parser_voidParseRecord
 *fill*         0x0000000008000642        0x2 
 .text.RCC_voidInitSysClock
                0x0000000008000644       0x20 ./Core/Src/RCC_program.o
                0x0000000008000644                RCC_voidInitSysClock
 .text.RCC_voidEnableClock
                0x0000000008000664       0x84 ./Core/Src/RCC_program.o
                0x0000000008000664                RCC_voidEnableClock
 .text.SYSTICK_voidInit
                0x00000000080006e8       0x18 ./Core/Src/SYSTICK_program.o
                0x00000000080006e8                SYSTICK_voidInit
 .text.SYSTICK_voidSetIntervalSingle
                0x0000000008000700       0x64 ./Core/Src/SYSTICK_program.o
                0x0000000008000700                SYSTICK_voidSetIntervalSingle
 .text.SYSTICK_voidStopInterval
                0x0000000008000764       0x34 ./Core/Src/SYSTICK_program.o
                0x0000000008000764                SYSTICK_voidStopInterval
 .text.UART1_voidInit
                0x0000000008000798       0x44 ./Core/Src/UART_program.o
                0x0000000008000798                UART1_voidInit
 .text.UART1_voidTransmit
                0x00000000080007dc       0x4c ./Core/Src/UART_program.o
                0x00000000080007dc                UART1_voidTransmit
 .text.UART1_u8Receive
                0x0000000008000828       0x3c ./Core/Src/UART_program.o
                0x0000000008000828                UART1_u8Receive
 .text.JumpApplicationFunction
                0x0000000008000864       0x2c ./Core/Src/main.o
                0x0000000008000864                JumpApplicationFunction
 .text.HAL_CAN_RxFifo0MsgPendingCallback
                0x0000000008000890       0x3c ./Core/Src/main.o
                0x0000000008000890                HAL_CAN_RxFifo0MsgPendingCallback
 .text.main     0x00000000080008cc      0x158 ./Core/Src/main.o
                0x00000000080008cc                main
 .text.SystemClock_Config
                0x0000000008000a24       0x74 ./Core/Src/main.o
                0x0000000008000a24                SystemClock_Config
 .text.MX_CAN_Init
                0x0000000008000a98       0xa4 ./Core/Src/main.o
 .text.MX_GPIO_Init
                0x0000000008000b3c       0x90 ./Core/Src/main.o
 .text.Error_Handler
                0x0000000008000bcc        0xa ./Core/Src/main.o
                0x0000000008000bcc                Error_Handler
 *fill*         0x0000000008000bd6        0x2 
 .text.HAL_MspInit
                0x0000000008000bd8       0x64 ./Core/Src/stm32f1xx_hal_msp.o
                0x0000000008000bd8                HAL_MspInit
 .text.HAL_CAN_MspInit
                0x0000000008000c3c       0xb8 ./Core/Src/stm32f1xx_hal_msp.o
                0x0000000008000c3c                HAL_CAN_MspInit
 .text.NMI_Handler
                0x0000000008000cf4        0x6 ./Core/Src/stm32f1xx_it.o
                0x0000000008000cf4                NMI_Handler
 .text.HardFault_Handler
                0x0000000008000cfa        0x6 ./Core/Src/stm32f1xx_it.o
                0x0000000008000cfa                HardFault_Handler
 .text.MemManage_Handler
                0x0000000008000d00        0x6 ./Core/Src/stm32f1xx_it.o
                0x0000000008000d00                MemManage_Handler
 .text.BusFault_Handler
                0x0000000008000d06        0x6 ./Core/Src/stm32f1xx_it.o
                0x0000000008000d06                BusFault_Handler
 .text.UsageFault_Handler
                0x0000000008000d0c        0x6 ./Core/Src/stm32f1xx_it.o
                0x0000000008000d0c                UsageFault_Handler
 .text.SVC_Handler
                0x0000000008000d12        0xc ./Core/Src/stm32f1xx_it.o
                0x0000000008000d12                SVC_Handler
 .text.DebugMon_Handler
                0x0000000008000d1e        0xc ./Core/Src/stm32f1xx_it.o
                0x0000000008000d1e                DebugMon_Handler
 .text.PendSV_Handler
                0x0000000008000d2a        0xc ./Core/Src/stm32f1xx_it.o
                0x0000000008000d2a                PendSV_Handler
 *fill*         0x0000000008000d36        0x2 
 .text.SysTick_Handler
                0x0000000008000d38       0x1c ./Core/Src/stm32f1xx_it.o
                0x0000000008000d38                SysTick_Handler
 .text.USB_LP_CAN1_RX0_IRQHandler
                0x0000000008000d54       0x14 ./Core/Src/stm32f1xx_it.o
                0x0000000008000d54                USB_LP_CAN1_RX0_IRQHandler
 .text.CAN1_RX1_IRQHandler
                0x0000000008000d68       0x14 ./Core/Src/stm32f1xx_it.o
                0x0000000008000d68                CAN1_RX1_IRQHandler
 .text.SystemInit
                0x0000000008000d7c        0xc ./Core/Src/system_stm32f1xx.o
                0x0000000008000d7c                SystemInit
 .text.Reset_Handler
                0x0000000008000d88       0x48 ./Core/Startup/startup_stm32f103c8tx.o
                0x0000000008000d88                Reset_Handler
 .text.Default_Handler
                0x0000000008000dd0        0x2 ./Core/Startup/startup_stm32f103c8tx.o
                0x0000000008000dd0                RTC_Alarm_IRQHandler
                0x0000000008000dd0                EXTI2_IRQHandler
                0x0000000008000dd0                TIM1_CC_IRQHandler
                0x0000000008000dd0                PVD_IRQHandler
                0x0000000008000dd0                EXTI3_IRQHandler
                0x0000000008000dd0                EXTI0_IRQHandler
                0x0000000008000dd0                I2C2_EV_IRQHandler
                0x0000000008000dd0                ADC1_2_IRQHandler
                0x0000000008000dd0                SPI1_IRQHandler
                0x0000000008000dd0                TAMPER_IRQHandler
                0x0000000008000dd0                DMA1_Channel4_IRQHandler
                0x0000000008000dd0                USART3_IRQHandler
                0x0000000008000dd0                RTC_IRQHandler
                0x0000000008000dd0                DMA1_Channel7_IRQHandler
                0x0000000008000dd0                TIM4_IRQHandler
                0x0000000008000dd0                I2C1_EV_IRQHandler
                0x0000000008000dd0                DMA1_Channel6_IRQHandler
                0x0000000008000dd0                TIM3_IRQHandler
                0x0000000008000dd0                RCC_IRQHandler
                0x0000000008000dd0                TIM1_TRG_COM_IRQHandler
                0x0000000008000dd0                DMA1_Channel1_IRQHandler
                0x0000000008000dd0                Default_Handler
                0x0000000008000dd0                EXTI15_10_IRQHandler
                0x0000000008000dd0                EXTI9_5_IRQHandler
                0x0000000008000dd0                SPI2_IRQHandler
                0x0000000008000dd0                DMA1_Channel5_IRQHandler
                0x0000000008000dd0                EXTI4_IRQHandler
                0x0000000008000dd0                USB_HP_CAN1_TX_IRQHandler
                0x0000000008000dd0                DMA1_Channel3_IRQHandler
                0x0000000008000dd0                TIM1_UP_IRQHandler
                0x0000000008000dd0                WWDG_IRQHandler
                0x0000000008000dd0                TIM2_IRQHandler
                0x0000000008000dd0                TIM1_BRK_IRQHandler
                0x0000000008000dd0                EXTI1_IRQHandler
                0x0000000008000dd0                USART2_IRQHandler
                0x0000000008000dd0                I2C2_ER_IRQHandler
                0x0000000008000dd0                DMA1_Channel2_IRQHandler
                0x0000000008000dd0                CAN1_SCE_IRQHandler
                0x0000000008000dd0                FLASH_IRQHandler
                0x0000000008000dd0                USART1_IRQHandler
                0x0000000008000dd0                I2C1_ER_IRQHandler
                0x0000000008000dd0                USBWakeUp_IRQHandler
 *fill*         0x0000000008000dd2        0x2 
 .text.HAL_Init
                0x0000000008000dd4       0x2c ./Drivers/STM32F1xx_HAL_Driver/Src/stm32f1xx_hal.o
                0x0000000008000dd4                HAL_Init
 .text.HAL_InitTick
                0x0000000008000e00       0x60 ./Drivers/STM32F1xx_HAL_Driver/Src/stm32f1xx_hal.o
                0x0000000008000e00                HAL_InitTick
 .text.HAL_IncTick
                0x0000000008000e60       0x24 ./Drivers/STM32F1xx_HAL_Driver/Src/stm32f1xx_hal.o
                0x0000000008000e60                HAL_IncTick
 .text.HAL_GetTick
                0x0000000008000e84       0x14 ./Drivers/STM32F1xx_HAL_Driver/Src/stm32f1xx_hal.o
                0x0000000008000e84                HAL_GetTick
 .text.HAL_CAN_Init
                0x0000000008000e98      0x1f6 ./Drivers/STM32F1xx_HAL_Driver/Src/stm32f1xx_hal_can.o
                0x0000000008000e98                HAL_CAN_Init
 .text.HAL_CAN_ConfigFilter
                0x000000000800108e      0x192 ./Drivers/STM32F1xx_HAL_Driver/Src/stm32f1xx_hal_can.o
                0x000000000800108e                HAL_CAN_ConfigFilter
 .text.HAL_CAN_Start
                0x0000000008001220       0x88 ./Drivers/STM32F1xx_HAL_Driver/Src/stm32f1xx_hal_can.o
                0x0000000008001220                HAL_CAN_Start
 .text.HAL_CAN_AddTxMessage
                0x00000000080012a8      0x19e ./Drivers/STM32F1xx_HAL_Driver/Src/stm32f1xx_hal_can.o
                0x00000000080012a8                HAL_CAN_AddTxMessage
 .text.HAL_CAN_GetRxMessage
                0x0000000008001446      0x242 ./Drivers/STM32F1xx_HAL_Driver/Src/stm32f1xx_hal_can.o
                0x0000000008001446                HAL_CAN_GetRxMessage
 .text.HAL_CAN_ActivateNotification
                0x0000000008001688       0x4a ./Drivers/STM32F1xx_HAL_Driver/Src/stm32f1xx_hal_can.o
                0x0000000008001688                HAL_CAN_ActivateNotification
 .text.HAL_CAN_IRQHandler
                0x00000000080016d2      0x36e ./Drivers/STM32F1xx_HAL_Driver/Src/stm32f1xx_hal_can.o
                0x00000000080016d2                HAL_CAN_IRQHandler
 .text.HAL_CAN_TxMailbox0CompleteCallback
                0x0000000008001a40       0x12 ./Drivers/STM32F1xx_HAL_Driver/Src/stm32f1xx_hal_can.o
                0x0000000008001a40                HAL_CAN_TxMailbox0CompleteCallback
 .text.HAL_CAN_TxMailbox1CompleteCallback
                0x0000000008001a52       0x12 ./Drivers/STM32F1xx_HAL_Driver/Src/stm32f1xx_hal_can.o
                0x0000000008001a52                HAL_CAN_TxMailbox1CompleteCallback
 .text.HAL_CAN_TxMailbox2CompleteCallback
                0x0000000008001a64       0x12 ./Drivers/STM32F1xx_HAL_Driver/Src/stm32f1xx_hal_can.o
                0x0000000008001a64                HAL_CAN_TxMailbox2CompleteCallback
 .text.HAL_CAN_TxMailbox0AbortCallback
                0x0000000008001a76       0x12 ./Drivers/STM32F1xx_HAL_Driver/Src/stm32f1xx_hal_can.o
                0x0000000008001a76                HAL_CAN_TxMailbox0AbortCallback
 .text.HAL_CAN_TxMailbox1AbortCallback
                0x0000000008001a88       0x12 ./Drivers/STM32F1xx_HAL_Driver/Src/stm32f1xx_hal_can.o
                0x0000000008001a88                HAL_CAN_TxMailbox1AbortCallback
 .text.HAL_CAN_TxMailbox2AbortCallback
                0x0000000008001a9a       0x12 ./Drivers/STM32F1xx_HAL_Driver/Src/stm32f1xx_hal_can.o
                0x0000000008001a9a                HAL_CAN_TxMailbox2AbortCallback
 .text.HAL_CAN_RxFifo0FullCallback
                0x0000000008001aac       0x12 ./Drivers/STM32F1xx_HAL_Driver/Src/stm32f1xx_hal_can.o
                0x0000000008001aac                HAL_CAN_RxFifo0FullCallback
 .text.HAL_CAN_RxFifo1MsgPendingCallback
                0x0000000008001abe       0x12 ./Drivers/STM32F1xx_HAL_Driver/Src/stm32f1xx_hal_can.o
                0x0000000008001abe                HAL_CAN_RxFifo1MsgPendingCallback
 .text.HAL_CAN_RxFifo1FullCallback
                0x0000000008001ad0       0x12 ./Drivers/STM32F1xx_HAL_Driver/Src/stm32f1xx_hal_can.o
                0x0000000008001ad0                HAL_CAN_RxFifo1FullCallback
 .text.HAL_CAN_SleepCallback
                0x0000000008001ae2       0x12 ./Drivers/STM32F1xx_HAL_Driver/Src/stm32f1xx_hal_can.o
                0x0000000008001ae2                HAL_CAN_SleepCallback
 .text.HAL_CAN_WakeUpFromRxMsgCallback
                0x0000000008001af4       0x12 ./Drivers/STM32F1xx_HAL_Driver/Src/stm32f1xx_hal_can.o
                0x0000000008001af4                HAL_CAN_WakeUpFromRxMsgCallback
 .text.HAL_CAN_ErrorCallback
                0x0000000008001b06       0x12 ./Drivers/STM32F1xx_HAL_Driver/Src/stm32f1xx_hal_can.o
                0x0000000008001b06                HAL_CAN_ErrorCallback
 .text.__NVIC_SetPriorityGrouping
                0x0000000008001b18       0x48 ./Drivers/STM32F1xx_HAL_Driver/Src/stm32f1xx_hal_cortex.o
 .text.__NVIC_GetPriorityGrouping
                0x0000000008001b60       0x1c ./Drivers/STM32F1xx_HAL_Driver/Src/stm32f1xx_hal_cortex.o
 .text.__NVIC_EnableIRQ
                0x0000000008001b7c       0x38 ./Drivers/STM32F1xx_HAL_Driver/Src/stm32f1xx_hal_cortex.o
 .text.__NVIC_SetPriority
                0x0000000008001bb4       0x54 ./Drivers/STM32F1xx_HAL_Driver/Src/stm32f1xx_hal_cortex.o
 .text.NVIC_EncodePriority
                0x0000000008001c08       0x64 ./Drivers/STM32F1xx_HAL_Driver/Src/stm32f1xx_hal_cortex.o
 .text.SysTick_Config
                0x0000000008001c6c       0x44 ./Drivers/STM32F1xx_HAL_Driver/Src/stm32f1xx_hal_cortex.o
 .text.HAL_NVIC_SetPriorityGrouping
                0x0000000008001cb0       0x16 ./Drivers/STM32F1xx_HAL_Driver/Src/stm32f1xx_hal_cortex.o
                0x0000000008001cb0                HAL_NVIC_SetPriorityGrouping
 .text.HAL_NVIC_SetPriority
                0x0000000008001cc6       0x38 ./Drivers/STM32F1xx_HAL_Driver/Src/stm32f1xx_hal_cortex.o
                0x0000000008001cc6                HAL_NVIC_SetPriority
 .text.HAL_NVIC_EnableIRQ
                0x0000000008001cfe       0x1c ./Drivers/STM32F1xx_HAL_Driver/Src/stm32f1xx_hal_cortex.o
                0x0000000008001cfe                HAL_NVIC_EnableIRQ
 .text.HAL_SYSTICK_Config
                0x0000000008001d1a       0x18 ./Drivers/STM32F1xx_HAL_Driver/Src/stm32f1xx_hal_cortex.o
                0x0000000008001d1a                HAL_SYSTICK_Config
 *fill*         0x0000000008001d32        0x2 
 .text.HAL_GPIO_Init
                0x0000000008001d34      0x308 ./Drivers/STM32F1xx_HAL_Driver/Src/stm32f1xx_hal_gpio.o
                0x0000000008001d34                HAL_GPIO_Init
 .text.HAL_GPIO_WritePin
                0x000000000800203c       0x30 ./Drivers/STM32F1xx_HAL_Driver/Src/stm32f1xx_hal_gpio.o
                0x000000000800203c                HAL_GPIO_WritePin
 .text.HAL_GPIO_TogglePin
                0x000000000800206c       0x32 ./Drivers/STM32F1xx_HAL_Driver/Src/stm32f1xx_hal_gpio.o
                0x000000000800206c                HAL_GPIO_TogglePin
 *fill*         0x000000000800209e        0x2 
 .text.HAL_RCC_OscConfig
                0x00000000080020a0      0x504 ./Drivers/STM32F1xx_HAL_Driver/Src/stm32f1xx_hal_rcc.o
                0x00000000080020a0                HAL_RCC_OscConfig
 .text.HAL_RCC_ClockConfig
                0x00000000080025a4      0x1d4 ./Drivers/STM32F1xx_HAL_Driver/Src/stm32f1xx_hal_rcc.o
                0x00000000080025a4                HAL_RCC_ClockConfig
 .text.HAL_RCC_GetSysClockFreq
                0x0000000008002778       0xa8 ./Drivers/STM32F1xx_HAL_Driver/Src/stm32f1xx_hal_rcc.o
                0x0000000008002778                HAL_RCC_GetSysClockFreq
 .text.RCC_Delay
                0x0000000008002820       0x3c ./Drivers/STM32F1xx_HAL_Driver/Src/stm32f1xx_hal_rcc.o
 .text.memset   0x000000000800285c       0x10 C:/ST/STM32CubeIDE_1.13.0/STM32CubeIDE/plugins/com.st.stm32cube.ide.mcu.externaltools.gnu-tools-for-stm32.11.3.rel1.win32_1.1.0.202305231506/tools/bin/../lib/gcc/arm-none-eabi/11.3.1/../../../../arm-none-eabi/lib/thumb/v7-m/nofp\libc_nano.a(libc_a-memset.o)
                0x000000000800285c                memset
 .text.__libc_init_array
                0x000000000800286c       0x48 C:/ST/STM32CubeIDE_1.13.0/STM32CubeIDE/plugins/com.st.stm32cube.ide.mcu.externaltools.gnu-tools-for-stm32.11.3.rel1.win32_1.1.0.202305231506/tools/bin/../lib/gcc/arm-none-eabi/11.3.1/../../../../arm-none-eabi/lib/thumb/v7-m/nofp\libc_nano.a(libc_a-init.o)
                0x000000000800286c                __libc_init_array
 *(.glue_7)
 .glue_7        0x00000000080028b4        0x0 linker stubs
 *(.glue_7t)
 .glue_7t       0x00000000080028b4        0x0 linker stubs
 *(.eh_frame)
 .eh_frame      0x00000000080028b4        0x0 C:/ST/STM32CubeIDE_1.13.0/STM32CubeIDE/plugins/com.st.stm32cube.ide.mcu.externaltools.gnu-tools-for-stm32.11.3.rel1.win32_1.1.0.202305231506/tools/bin/../lib/gcc/arm-none-eabi/11.3.1/thumb/v7-m/nofp/crtbegin.o
 *(.init)
 .init          0x00000000080028b4        0x4 C:/ST/STM32CubeIDE_1.13.0/STM32CubeIDE/plugins/com.st.stm32cube.ide.mcu.externaltools.gnu-tools-for-stm32.11.3.rel1.win32_1.1.0.202305231506/tools/bin/../lib/gcc/arm-none-eabi/11.3.1/thumb/v7-m/nofp/crti.o
                0x00000000080028b4                _init
 .init          0x00000000080028b8        0x8 C:/ST/STM32CubeIDE_1.13.0/STM32CubeIDE/plugins/com.st.stm32cube.ide.mcu.externaltools.gnu-tools-for-stm32.11.3.rel1.win32_1.1.0.202305231506/tools/bin/../lib/gcc/arm-none-eabi/11.3.1/thumb/v7-m/nofp/crtn.o
 *(.fini)
 .fini          0x00000000080028c0        0x4 C:/ST/STM32CubeIDE_1.13.0/STM32CubeIDE/plugins/com.st.stm32cube.ide.mcu.externaltools.gnu-tools-for-stm32.11.3.rel1.win32_1.1.0.202305231506/tools/bin/../lib/gcc/arm-none-eabi/11.3.1/thumb/v7-m/nofp/crti.o
                0x00000000080028c0                _fini
 .fini          0x00000000080028c4        0x8 C:/ST/STM32CubeIDE_1.13.0/STM32CubeIDE/plugins/com.st.stm32cube.ide.mcu.externaltools.gnu-tools-for-stm32.11.3.rel1.win32_1.1.0.202305231506/tools/bin/../lib/gcc/arm-none-eabi/11.3.1/thumb/v7-m/nofp/crtn.o
                0x00000000080028cc                . = ALIGN (0x4)
                0x00000000080028cc                _etext = .

.vfp11_veneer   0x00000000080028cc        0x0
 .vfp11_veneer  0x00000000080028cc        0x0 linker stubs

.v4_bx          0x00000000080028cc        0x0
 .v4_bx         0x00000000080028cc        0x0 linker stubs

.iplt           0x00000000080028cc        0x0
 .iplt          0x00000000080028cc        0x0 C:/ST/STM32CubeIDE_1.13.0/STM32CubeIDE/plugins/com.st.stm32cube.ide.mcu.externaltools.gnu-tools-for-stm32.11.3.rel1.win32_1.1.0.202305231506/tools/bin/../lib/gcc/arm-none-eabi/11.3.1/thumb/v7-m/nofp/crtbegin.o

.rodata         0x00000000080028cc       0x28
                0x00000000080028cc                . = ALIGN (0x4)
 *(.rodata)
 .rodata        0x00000000080028cc        0x3 ./Core/Src/main.o
 *(.rodata*)
 *fill*         0x00000000080028cf        0x1 
 .rodata.AHBPrescTable
                0x00000000080028d0       0x10 ./Core/Src/system_stm32f1xx.o
                0x00000000080028d0                AHBPrescTable
 .rodata.aPLLMULFactorTable.1
                0x00000000080028e0       0x10 ./Drivers/STM32F1xx_HAL_Driver/Src/stm32f1xx_hal_rcc.o
 .rodata.aPredivFactorTable.0
                0x00000000080028f0        0x2 ./Drivers/STM32F1xx_HAL_Driver/Src/stm32f1xx_hal_rcc.o
                0x00000000080028f4                . = ALIGN (0x4)
 *fill*         0x00000000080028f2        0x2 

.rel.dyn        0x00000000080028f4        0x0
 .rel.iplt      0x00000000080028f4        0x0 C:/ST/STM32CubeIDE_1.13.0/STM32CubeIDE/plugins/com.st.stm32cube.ide.mcu.externaltools.gnu-tools-for-stm32.11.3.rel1.win32_1.1.0.202305231506/tools/bin/../lib/gcc/arm-none-eabi/11.3.1/thumb/v7-m/nofp/crtbegin.o

.ARM.extab      0x00000000080028f4        0x0
                0x00000000080028f4                . = ALIGN (0x4)
 *(.ARM.extab* .gnu.linkonce.armextab.*)
                0x00000000080028f4                . = ALIGN (0x4)

.ARM            0x00000000080028f4        0x0
                0x00000000080028f4                . = ALIGN (0x4)
                0x00000000080028f4                __exidx_start = .
 *(.ARM.exidx*)
                0x00000000080028f4                __exidx_end = .
                0x00000000080028f4                . = ALIGN (0x4)

.preinit_array  0x00000000080028f4        0x0
                0x00000000080028f4                . = ALIGN (0x4)
                0x00000000080028f4                PROVIDE (__preinit_array_start = .)
 *(.preinit_array*)
                0x00000000080028f4                PROVIDE (__preinit_array_end = .)
                0x00000000080028f4                . = ALIGN (0x4)

.init_array     0x00000000080028f4        0x4
                0x00000000080028f4                . = ALIGN (0x4)
                0x00000000080028f4                PROVIDE (__init_array_start = .)
 *(SORT_BY_NAME(.init_array.*))
 *(.init_array*)
 .init_array    0x00000000080028f4        0x4 C:/ST/STM32CubeIDE_1.13.0/STM32CubeIDE/plugins/com.st.stm32cube.ide.mcu.externaltools.gnu-tools-for-stm32.11.3.rel1.win32_1.1.0.202305231506/tools/bin/../lib/gcc/arm-none-eabi/11.3.1/thumb/v7-m/nofp/crtbegin.o
                0x00000000080028f8                PROVIDE (__init_array_end = .)
                0x00000000080028f8                . = ALIGN (0x4)

.fini_array     0x00000000080028f8        0x4
                0x00000000080028f8                . = ALIGN (0x4)
                [!provide]                        PROVIDE (__fini_array_start = .)
 *(SORT_BY_NAME(.fini_array.*))
 *(.fini_array*)
 .fini_array    0x00000000080028f8        0x4 C:/ST/STM32CubeIDE_1.13.0/STM32CubeIDE/plugins/com.st.stm32cube.ide.mcu.externaltools.gnu-tools-for-stm32.11.3.rel1.win32_1.1.0.202305231506/tools/bin/../lib/gcc/arm-none-eabi/11.3.1/thumb/v7-m/nofp/crtbegin.o
                [!provide]                        PROVIDE (__fini_array_end = .)
                0x00000000080028fc                . = ALIGN (0x4)
                0x00000000080028fc                _sidata = LOADADDR (.data)

.data           0x0000000020000000       0x1c load address 0x00000000080028fc
                0x0000000020000000                . = ALIGN (0x4)
                0x0000000020000000                _sdata = .
 *(.data)
 *(.data*)
 .data.u32Address
                0x0000000020000000        0x4 ./Core/Src/Parse.o
                0x0000000020000000                u32Address
 .data.u8WriteRequest
                0x0000000020000004        0x1 ./Core/Src/main.o
                0x0000000020000004                u8WriteRequest
 *fill*         0x0000000020000005        0x3 
 .data.TxData   0x0000000020000008        0x8 ./Core/Src/main.o
                0x0000000020000008                TxData
 .data.SystemCoreClock
                0x0000000020000010        0x4 ./Core/Src/system_stm32f1xx.o
                0x0000000020000010                SystemCoreClock
 .data.uwTickPrio
                0x0000000020000014        0x4 ./Drivers/STM32F1xx_HAL_Driver/Src/stm32f1xx_hal.o
                0x0000000020000014                uwTickPrio
 .data.uwTickFreq
                0x0000000020000018        0x1 ./Drivers/STM32F1xx_HAL_Driver/Src/stm32f1xx_hal.o
                0x0000000020000018                uwTickFreq
 *(.RamFunc)
 *(.RamFunc*)
                0x000000002000001c                . = ALIGN (0x4)
 *fill*         0x0000000020000019        0x3 
                0x000000002000001c                _edata = .

.igot.plt       0x000000002000001c        0x0 load address 0x0000000008002918
 .igot.plt      0x000000002000001c        0x0 C:/ST/STM32CubeIDE_1.13.0/STM32CubeIDE/plugins/com.st.stm32cube.ide.mcu.externaltools.gnu-tools-for-stm32.11.3.rel1.win32_1.1.0.202305231506/tools/bin/../lib/gcc/arm-none-eabi/11.3.1/thumb/v7-m/nofp/crtbegin.o
                0x000000002000001c                . = ALIGN (0x4)

.bss            0x000000002000001c      0x200 load address 0x0000000008002918
                0x000000002000001c                _sbss = .
                0x000000002000001c                __bss_start__ = _sbss
 *(.bss)
 .bss           0x000000002000001c       0x1c C:/ST/STM32CubeIDE_1.13.0/STM32CubeIDE/plugins/com.st.stm32cube.ide.mcu.externaltools.gnu-tools-for-stm32.11.3.rel1.win32_1.1.0.202305231506/tools/bin/../lib/gcc/arm-none-eabi/11.3.1/thumb/v7-m/nofp/crtbegin.o
 *(.bss*)
 .bss.u16Data   0x0000000020000038       0xc8 ./Core/Src/Parse.o
                0x0000000020000038                u16Data
 .bss.SYSTICK_CallBack
                0x0000000020000100        0x4 ./Core/Src/SYSTICK_program.o
 .bss.u8ModeOfInterval
                0x0000000020000104        0x1 ./Core/Src/SYSTICK_program.o
 *fill*         0x0000000020000105        0x3 
 .bss.hcan      0x0000000020000108       0x28 ./Core/Src/main.o
                0x0000000020000108                hcan
 .bss.u8ReceiverBuffer
                0x0000000020000130       0x64 ./Core/Src/main.o
                0x0000000020000130                u8ReceiverBuffer
 .bss.u8ReceiverCounter
                0x0000000020000194        0x1 ./Core/Src/main.o
                0x0000000020000194                u8ReceiverCounter
 .bss.u8TimeOutFlag
                0x0000000020000195        0x1 ./Core/Src/main.o
                0x0000000020000195                u8TimeOutFlag
 *fill*         0x0000000020000196        0x2 
 .bss.AddrressCall
                0x0000000020000198        0x4 ./Core/Src/main.o
                0x0000000020000198                AddrressCall
 .bss.time_ms   0x000000002000019c        0x4 ./Core/Src/main.o
                0x000000002000019c                time_ms
 .bss.TxHeader  0x00000000200001a0       0x48 ./Core/Src/main.o
                0x00000000200001a0                TxHeader
 .bss.TxMailBox
                0x00000000200001e8        0xc ./Core/Src/main.o
                0x00000000200001e8                TxMailBox
 .bss.RxHeader  0x00000000200001f4       0x1c ./Core/Src/main.o
                0x00000000200001f4                RxHeader
 .bss.RxData    0x0000000020000210        0x8 ./Core/Src/main.o
                0x0000000020000210                RxData
 .bss.uwTick    0x0000000020000218        0x4 ./Drivers/STM32F1xx_HAL_Driver/Src/stm32f1xx_hal.o
                0x0000000020000218                uwTick
 *(COMMON)
                0x000000002000021c                . = ALIGN (0x4)
                0x000000002000021c                _ebss = .
                0x000000002000021c                __bss_end__ = _ebss

._user_heap_stack
                0x000000002000021c      0x604 load address 0x0000000008002918
                0x0000000020000220                . = ALIGN (0x8)
 *fill*         0x000000002000021c        0x4 
                [!provide]                        PROVIDE (end = .)
                0x0000000020000220                PROVIDE (_end = .)
                0x0000000020000420                . = (. + _Min_Heap_Size)
 *fill*         0x0000000020000220      0x200 
                0x0000000020000820                . = (. + _Min_Stack_Size)
 *fill*         0x0000000020000420      0x400 
                0x0000000020000820                . = ALIGN (0x8)

/DISCARD/
 libc.a(*)
 libm.a(*)
 libgcc.a(*)

.ARM.attributes
                0x0000000000000000       0x29
 *(.ARM.attributes)
 .ARM.attributes
                0x0000000000000000       0x1d C:/ST/STM32CubeIDE_1.13.0/STM32CubeIDE/plugins/com.st.stm32cube.ide.mcu.externaltools.gnu-tools-for-stm32.11.3.rel1.win32_1.1.0.202305231506/tools/bin/../lib/gcc/arm-none-eabi/11.3.1/thumb/v7-m/nofp/crti.o
 .ARM.attributes
                0x000000000000001d       0x2d C:/ST/STM32CubeIDE_1.13.0/STM32CubeIDE/plugins/com.st.stm32cube.ide.mcu.externaltools.gnu-tools-for-stm32.11.3.rel1.win32_1.1.0.202305231506/tools/bin/../lib/gcc/arm-none-eabi/11.3.1/thumb/v7-m/nofp/crtbegin.o
 .ARM.attributes
                0x000000000000004a       0x2d ./Core/Src/FPEC_program.o
 .ARM.attributes
                0x0000000000000077       0x2d ./Core/Src/GPIO_program.o
 .ARM.attributes
                0x00000000000000a4       0x2d ./Core/Src/Parse.o
 .ARM.attributes
                0x00000000000000d1       0x2d ./Core/Src/RCC_program.o
 .ARM.attributes
                0x00000000000000fe       0x2d ./Core/Src/SYSTICK_program.o
 .ARM.attributes
                0x000000000000012b       0x2d ./Core/Src/UART_program.o
 .ARM.attributes
                0x0000000000000158       0x2d ./Core/Src/main.o
 .ARM.attributes
                0x0000000000000185       0x2d ./Core/Src/stm32f1xx_hal_msp.o
 .ARM.attributes
                0x00000000000001b2       0x2d ./Core/Src/stm32f1xx_it.o
 .ARM.attributes
                0x00000000000001df       0x2d ./Core/Src/system_stm32f1xx.o
 .ARM.attributes
                0x000000000000020c       0x21 ./Core/Startup/startup_stm32f103c8tx.o
 .ARM.attributes
                0x000000000000022d       0x2d ./Drivers/STM32F1xx_HAL_Driver/Src/stm32f1xx_hal.o
 .ARM.attributes
                0x000000000000025a       0x2d ./Drivers/STM32F1xx_HAL_Driver/Src/stm32f1xx_hal_can.o
 .ARM.attributes
                0x0000000000000287       0x2d ./Drivers/STM32F1xx_HAL_Driver/Src/stm32f1xx_hal_cortex.o
 .ARM.attributes
                0x00000000000002b4       0x2d ./Drivers/STM32F1xx_HAL_Driver/Src/stm32f1xx_hal_gpio.o
 .ARM.attributes
                0x00000000000002e1       0x2d ./Drivers/STM32F1xx_HAL_Driver/Src/stm32f1xx_hal_rcc.o
 .ARM.attributes
                0x000000000000030e       0x2d C:/ST/STM32CubeIDE_1.13.0/STM32CubeIDE/plugins/com.st.stm32cube.ide.mcu.externaltools.gnu-tools-for-stm32.11.3.rel1.win32_1.1.0.202305231506/tools/bin/../lib/gcc/arm-none-eabi/11.3.1/../../../../arm-none-eabi/lib/thumb/v7-m/nofp\libc_nano.a(libc_a-memset.o)
 .ARM.attributes
                0x000000000000033b       0x2d C:/ST/STM32CubeIDE_1.13.0/STM32CubeIDE/plugins/com.st.stm32cube.ide.mcu.externaltools.gnu-tools-for-stm32.11.3.rel1.win32_1.1.0.202305231506/tools/bin/../lib/gcc/arm-none-eabi/11.3.1/../../../../arm-none-eabi/lib/thumb/v7-m/nofp\libc_nano.a(libc_a-init.o)
 .ARM.attributes
                0x0000000000000368       0x1d C:/ST/STM32CubeIDE_1.13.0/STM32CubeIDE/plugins/com.st.stm32cube.ide.mcu.externaltools.gnu-tools-for-stm32.11.3.rel1.win32_1.1.0.202305231506/tools/bin/../lib/gcc/arm-none-eabi/11.3.1/thumb/v7-m/nofp/crtn.o
OUTPUT(ECU_Node1.elf elf32-littlearm)
LOAD linker stubs
LOAD C:/ST/STM32CubeIDE_1.13.0/STM32CubeIDE/plugins/com.st.stm32cube.ide.mcu.externaltools.gnu-tools-for-stm32.11.3.rel1.win32_1.1.0.202305231506/tools/bin/../lib/gcc/arm-none-eabi/11.3.1/../../../../arm-none-eabi/lib/thumb/v7-m/nofp\libc.a
LOAD C:/ST/STM32CubeIDE_1.13.0/STM32CubeIDE/plugins/com.st.stm32cube.ide.mcu.externaltools.gnu-tools-for-stm32.11.3.rel1.win32_1.1.0.202305231506/tools/bin/../lib/gcc/arm-none-eabi/11.3.1/../../../../arm-none-eabi/lib/thumb/v7-m/nofp\libm.a
LOAD C:/ST/STM32CubeIDE_1.13.0/STM32CubeIDE/plugins/com.st.stm32cube.ide.mcu.externaltools.gnu-tools-for-stm32.11.3.rel1.win32_1.1.0.202305231506/tools/bin/../lib/gcc/arm-none-eabi/11.3.1/thumb/v7-m/nofp\libgcc.a

.comment        0x0000000000000000       0x43
 .comment       0x0000000000000000       0x43 C:/ST/STM32CubeIDE_1.13.0/STM32CubeIDE/plugins/com.st.stm32cube.ide.mcu.externaltools.gnu-tools-for-stm32.11.3.rel1.win32_1.1.0.202305231506/tools/bin/../lib/gcc/arm-none-eabi/11.3.1/thumb/v7-m/nofp/crtbegin.o
                                         0x44 (size before relaxing)
 .comment       0x0000000000000043       0x44 ./Core/Src/FPEC_program.o
 .comment       0x0000000000000043       0x44 ./Core/Src/GPIO_program.o
 .comment       0x0000000000000043       0x44 ./Core/Src/Parse.o
 .comment       0x0000000000000043       0x44 ./Core/Src/RCC_program.o
 .comment       0x0000000000000043       0x44 ./Core/Src/SYSTICK_program.o
 .comment       0x0000000000000043       0x44 ./Core/Src/UART_program.o
 .comment       0x0000000000000043       0x44 ./Core/Src/main.o
 .comment       0x0000000000000043       0x44 ./Core/Src/stm32f1xx_hal_msp.o
 .comment       0x0000000000000043       0x44 ./Core/Src/stm32f1xx_it.o
 .comment       0x0000000000000043       0x44 ./Core/Src/system_stm32f1xx.o
 .comment       0x0000000000000043       0x44 ./Drivers/STM32F1xx_HAL_Driver/Src/stm32f1xx_hal.o
 .comment       0x0000000000000043       0x44 ./Drivers/STM32F1xx_HAL_Driver/Src/stm32f1xx_hal_can.o
 .comment       0x0000000000000043       0x44 ./Drivers/STM32F1xx_HAL_Driver/Src/stm32f1xx_hal_cortex.o
 .comment       0x0000000000000043       0x44 ./Drivers/STM32F1xx_HAL_Driver/Src/stm32f1xx_hal_gpio.o
 .comment       0x0000000000000043       0x44 ./Drivers/STM32F1xx_HAL_Driver/Src/stm32f1xx_hal_rcc.o

.debug_info     0x0000000000000000     0x5508
 .debug_info    0x0000000000000000      0x19e ./Core/Src/FPEC_program.o
 .debug_info    0x000000000000019e      0x148 ./Core/Src/GPIO_program.o
 .debug_info    0x00000000000002e6      0x207 ./Core/Src/Parse.o
 .debug_info    0x00000000000004ed       0xf8 ./Core/Src/RCC_program.o
 .debug_info    0x00000000000005e5      0x1de ./Core/Src/SYSTICK_program.o
 .debug_info    0x00000000000007c3      0x192 ./Core/Src/UART_program.o
 .debug_info    0x0000000000000955      0xd56 ./Core/Src/main.o
 .debug_info    0x00000000000016ab      0x8c6 ./Core/Src/stm32f1xx_hal_msp.o
 .debug_info    0x0000000000001f71      0x520 ./Core/Src/stm32f1xx_it.o
 .debug_info    0x0000000000002491      0x222 ./Core/Src/system_stm32f1xx.o
 .debug_info    0x00000000000026b3       0x23 ./Core/Startup/startup_stm32f103c8tx.o
 .debug_info    0x00000000000026d6      0x704 ./Drivers/STM32F1xx_HAL_Driver/Src/stm32f1xx_hal.o
 .debug_info    0x0000000000002dda      0xf27 ./Drivers/STM32F1xx_HAL_Driver/Src/stm32f1xx_hal_can.o
 .debug_info    0x0000000000003d01      0xa87 ./Drivers/STM32F1xx_HAL_Driver/Src/stm32f1xx_hal_cortex.o
 .debug_info    0x0000000000004788      0x5ab ./Drivers/STM32F1xx_HAL_Driver/Src/stm32f1xx_hal_gpio.o
 .debug_info    0x0000000000004d33      0x7d5 ./Drivers/STM32F1xx_HAL_Driver/Src/stm32f1xx_hal_rcc.o

.debug_abbrev   0x0000000000000000     0x1869
 .debug_abbrev  0x0000000000000000       0xe1 ./Core/Src/FPEC_program.o
 .debug_abbrev  0x00000000000000e1       0xa6 ./Core/Src/GPIO_program.o
 .debug_abbrev  0x0000000000000187       0xf6 ./Core/Src/Parse.o
 .debug_abbrev  0x000000000000027d       0x7a ./Core/Src/RCC_program.o
 .debug_abbrev  0x00000000000002f7      0x106 ./Core/Src/SYSTICK_program.o
 .debug_abbrev  0x00000000000003fd      0x10e ./Core/Src/UART_program.o
 .debug_abbrev  0x000000000000050b      0x2e6 ./Core/Src/main.o
 .debug_abbrev  0x00000000000007f1      0x1f6 ./Core/Src/stm32f1xx_hal_msp.o
 .debug_abbrev  0x00000000000009e7      0x18e ./Core/Src/stm32f1xx_it.o
 .debug_abbrev  0x0000000000000b75      0x13f ./Core/Src/system_stm32f1xx.o
 .debug_abbrev  0x0000000000000cb4       0x12 ./Core/Startup/startup_stm32f103c8tx.o
 .debug_abbrev  0x0000000000000cc6      0x201 ./Drivers/STM32F1xx_HAL_Driver/Src/stm32f1xx_hal.o
 .debug_abbrev  0x0000000000000ec7      0x22d ./Drivers/STM32F1xx_HAL_Driver/Src/stm32f1xx_hal_can.o
 .debug_abbrev  0x00000000000010f4      0x2f8 ./Drivers/STM32F1xx_HAL_Driver/Src/stm32f1xx_hal_cortex.o
 .debug_abbrev  0x00000000000013ec      0x1ca ./Drivers/STM32F1xx_HAL_Driver/Src/stm32f1xx_hal_gpio.o
 .debug_abbrev  0x00000000000015b6      0x2b3 ./Drivers/STM32F1xx_HAL_Driver/Src/stm32f1xx_hal_rcc.o

.debug_aranges  0x0000000000000000      0x690
 .debug_aranges
                0x0000000000000000       0x30 ./Core/Src/FPEC_program.o
 .debug_aranges
                0x0000000000000030       0x30 ./Core/Src/GPIO_program.o
 .debug_aranges
                0x0000000000000060       0x38 ./Core/Src/Parse.o
 .debug_aranges
                0x0000000000000098       0x30 ./Core/Src/RCC_program.o
 .debug_aranges
                0x00000000000000c8       0x50 ./Core/Src/SYSTICK_program.o
 .debug_aranges
                0x0000000000000118       0x38 ./Core/Src/UART_program.o
 .debug_aranges
                0x0000000000000150       0x50 ./Core/Src/main.o
 .debug_aranges
                0x00000000000001a0       0x30 ./Core/Src/stm32f1xx_hal_msp.o
 .debug_aranges
                0x00000000000001d0       0x70 ./Core/Src/stm32f1xx_it.o
 .debug_aranges
                0x0000000000000240       0x28 ./Core/Src/system_stm32f1xx.o
 .debug_aranges
                0x0000000000000268       0x28 ./Core/Startup/startup_stm32f103c8tx.o
 .debug_aranges
                0x0000000000000290       0xe0 ./Drivers/STM32F1xx_HAL_Driver/Src/stm32f1xx_hal.o
 .debug_aranges
                0x0000000000000370      0x138 ./Drivers/STM32F1xx_HAL_Driver/Src/stm32f1xx_hal_can.o
 .debug_aranges
                0x00000000000004a8      0x100 ./Drivers/STM32F1xx_HAL_Driver/Src/stm32f1xx_hal_cortex.o
 .debug_aranges
                0x00000000000005a8       0x58 ./Drivers/STM32F1xx_HAL_Driver/Src/stm32f1xx_hal_gpio.o
 .debug_aranges
                0x0000000000000600       0x90 ./Drivers/STM32F1xx_HAL_Driver/Src/stm32f1xx_hal_rcc.o

.debug_rnglists
                0x0000000000000000      0x4b8
 .debug_rnglists
                0x0000000000000000       0x21 ./Core/Src/FPEC_program.o
 .debug_rnglists
                0x0000000000000021       0x21 ./Core/Src/GPIO_program.o
 .debug_rnglists
                0x0000000000000042       0x26 ./Core/Src/Parse.o
 .debug_rnglists
                0x0000000000000068       0x21 ./Core/Src/RCC_program.o
 .debug_rnglists
                0x0000000000000089       0x37 ./Core/Src/SYSTICK_program.o
 .debug_rnglists
                0x00000000000000c0       0x25 ./Core/Src/UART_program.o
 .debug_rnglists
                0x00000000000000e5       0x3a ./Core/Src/main.o
 .debug_rnglists
                0x000000000000011f       0x20 ./Core/Src/stm32f1xx_hal_msp.o
 .debug_rnglists
                0x000000000000013f       0x4f ./Core/Src/stm32f1xx_it.o
 .debug_rnglists
                0x000000000000018e       0x1a ./Core/Src/system_stm32f1xx.o
 .debug_rnglists
                0x00000000000001a8       0x19 ./Core/Startup/startup_stm32f103c8tx.o
 .debug_rnglists
                0x00000000000001c1       0xa3 ./Drivers/STM32F1xx_HAL_Driver/Src/stm32f1xx_hal.o
 .debug_rnglists
                0x0000000000000264       0xee ./Drivers/STM32F1xx_HAL_Driver/Src/stm32f1xx_hal_can.o
 .debug_rnglists
                0x0000000000000352       0xbb ./Drivers/STM32F1xx_HAL_Driver/Src/stm32f1xx_hal_cortex.o
 .debug_rnglists
                0x000000000000040d       0x3f ./Drivers/STM32F1xx_HAL_Driver/Src/stm32f1xx_hal_gpio.o
 .debug_rnglists
                0x000000000000044c       0x6c ./Drivers/STM32F1xx_HAL_Driver/Src/stm32f1xx_hal_rcc.o

.debug_macro    0x0000000000000000    0x16385
 .debug_macro   0x0000000000000000       0x41 ./Core/Src/FPEC_program.o
 .debug_macro   0x0000000000000041      0xa9c ./Core/Src/FPEC_program.o
 .debug_macro   0x0000000000000add       0x22 ./Core/Src/FPEC_program.o
 .debug_macro   0x0000000000000aff       0x16 ./Core/Src/FPEC_program.o
 .debug_macro   0x0000000000000b15       0x40 ./Core/Src/GPIO_program.o
 .debug_macro   0x0000000000000b55       0xe2 ./Core/Src/GPIO_program.o
 .debug_macro   0x0000000000000c37       0x9a ./Core/Src/GPIO_program.o
 .debug_macro   0x0000000000000cd1       0x2e ./Core/Src/Parse.o
 .debug_macro   0x0000000000000cff       0x3f ./Core/Src/RCC_program.o
 .debug_macro   0x0000000000000d3e       0x2e ./Core/Src/RCC_program.o
 .debug_macro   0x0000000000000d6c       0x70 ./Core/Src/RCC_program.o
 .debug_macro   0x0000000000000ddc       0x10 ./Core/Src/RCC_program.o
 .debug_macro   0x0000000000000dec       0x40 ./Core/Src/SYSTICK_program.o
 .debug_macro   0x0000000000000e2c       0x10 ./Core/Src/SYSTICK_program.o
 .debug_macro   0x0000000000000e3c       0x28 ./Core/Src/SYSTICK_program.o
 .debug_macro   0x0000000000000e64       0x40 ./Core/Src/UART_program.o
 .debug_macro   0x0000000000000ea4       0x3a ./Core/Src/UART_program.o
 .debug_macro   0x0000000000000ede       0x10 ./Core/Src/UART_program.o
 .debug_macro   0x0000000000000eee      0x1e0 ./Core/Src/main.o
 .debug_macro   0x00000000000010ce      0x215 ./Core/Src/main.o
 .debug_macro   0x00000000000012e3       0x2e ./Core/Src/main.o
 .debug_macro   0x0000000000001311       0x22 ./Core/Src/main.o
 .debug_macro   0x0000000000001333       0x22 ./Core/Src/main.o
 .debug_macro   0x0000000000001355       0x8e ./Core/Src/main.o
 .debug_macro   0x00000000000013e3       0x51 ./Core/Src/main.o
 .debug_macro   0x0000000000001434      0x103 ./Core/Src/main.o
 .debug_macro   0x0000000000001537       0x6a ./Core/Src/main.o
 .debug_macro   0x00000000000015a1      0x1df ./Core/Src/main.o
 .debug_macro   0x0000000000001780       0x1c ./Core/Src/main.o
 .debug_macro   0x000000000000179c       0x22 ./Core/Src/main.o
 .debug_macro   0x00000000000017be       0xbd ./Core/Src/main.o
 .debug_macro   0x000000000000187b      0xd23 ./Core/Src/main.o
 .debug_macro   0x000000000000259e     0xe09e ./Core/Src/main.o
 .debug_macro   0x000000000001063c       0x6d ./Core/Src/main.o
 .debug_macro   0x00000000000106a9     0x348d ./Core/Src/main.o
 .debug_macro   0x0000000000013b36      0x174 ./Core/Src/main.o
 .debug_macro   0x0000000000013caa       0x5c ./Core/Src/main.o
 .debug_macro   0x0000000000013d06      0x5bc ./Core/Src/main.o
 .debug_macro   0x00000000000142c2      0x289 ./Core/Src/main.o
 .debug_macro   0x000000000001454b      0x1cb ./Core/Src/main.o
 .debug_macro   0x0000000000014716      0x114 ./Core/Src/main.o
 .debug_macro   0x000000000001482a      0x1b2 ./Core/Src/main.o
 .debug_macro   0x00000000000149dc       0x27 ./Core/Src/main.o
 .debug_macro   0x0000000000014a03      0x136 ./Core/Src/main.o
 .debug_macro   0x0000000000014b39      0x1bc ./Core/Src/main.o
 .debug_macro   0x0000000000014cf5       0x34 ./Core/Src/main.o
 .debug_macro   0x0000000000014d29       0x3c ./Core/Src/main.o
 .debug_macro   0x0000000000014d65      0x408 ./Core/Src/main.o
 .debug_macro   0x000000000001516d       0x57 ./Core/Src/main.o
 .debug_macro   0x00000000000151c4       0x87 ./Core/Src/main.o
 .debug_macro   0x000000000001524b      0x240 ./Core/Src/main.o
 .debug_macro   0x000000000001548b      0x140 ./Core/Src/main.o
 .debug_macro   0x00000000000155cb       0x83 ./Core/Src/main.o
 .debug_macro   0x000000000001564e      0x198 ./Core/Src/stm32f1xx_hal_msp.o
 .debug_macro   0x00000000000157e6      0x1a2 ./Core/Src/stm32f1xx_it.o
 .debug_macro   0x0000000000015988      0x18e ./Core/Src/system_stm32f1xx.o
 .debug_macro   0x0000000000015b16      0x1b2 ./Drivers/STM32F1xx_HAL_Driver/Src/stm32f1xx_hal.o
 .debug_macro   0x0000000000015cc8      0x196 ./Drivers/STM32F1xx_HAL_Driver/Src/stm32f1xx_hal_can.o
 .debug_macro   0x0000000000015e5e      0x18e ./Drivers/STM32F1xx_HAL_Driver/Src/stm32f1xx_hal_cortex.o
 .debug_macro   0x0000000000015fec      0x1f9 ./Drivers/STM32F1xx_HAL_Driver/Src/stm32f1xx_hal_gpio.o
 .debug_macro   0x00000000000161e5      0x1a0 ./Drivers/STM32F1xx_HAL_Driver/Src/stm32f1xx_hal_rcc.o

.debug_line     0x0000000000000000     0x66fb
 .debug_line    0x0000000000000000      0x1a6 ./Core/Src/FPEC_program.o
 .debug_line    0x00000000000001a6      0x238 ./Core/Src/GPIO_program.o
 .debug_line    0x00000000000003de      0x1f4 ./Core/Src/Parse.o
 .debug_line    0x00000000000005d2      0x11f ./Core/Src/RCC_program.o
 .debug_line    0x00000000000006f1      0x1ba ./Core/Src/SYSTICK_program.o
 .debug_line    0x00000000000008ab      0x155 ./Core/Src/UART_program.o
 .debug_line    0x0000000000000a00      0x8d7 ./Core/Src/main.o
 .debug_line    0x00000000000012d7      0x724 ./Core/Src/stm32f1xx_hal_msp.o
 .debug_line    0x00000000000019fb      0x7c0 ./Core/Src/stm32f1xx_it.o
 .debug_line    0x00000000000021bb      0x749 ./Core/Src/system_stm32f1xx.o
 .debug_line    0x0000000000002904       0x78 ./Core/Startup/startup_stm32f103c8tx.o
 .debug_line    0x000000000000297c      0x976 ./Drivers/STM32F1xx_HAL_Driver/Src/stm32f1xx_hal.o
 .debug_line    0x00000000000032f2     0x111d ./Drivers/STM32F1xx_HAL_Driver/Src/stm32f1xx_hal_can.o
 .debug_line    0x000000000000440f      0xb5e ./Drivers/STM32F1xx_HAL_Driver/Src/stm32f1xx_hal_cortex.o
 .debug_line    0x0000000000004f6d      0xa0f ./Drivers/STM32F1xx_HAL_Driver/Src/stm32f1xx_hal_gpio.o
 .debug_line    0x000000000000597c      0xd7f ./Drivers/STM32F1xx_HAL_Driver/Src/stm32f1xx_hal_rcc.o

.debug_str      0x0000000000000000    0x7f626
 .debug_str     0x0000000000000000     0x2f54 ./Core/Src/FPEC_program.o
                                       0x2fe0 (size before relaxing)
 .debug_str     0x0000000000002f54      0x754 ./Core/Src/GPIO_program.o
                                       0x35e0 (size before relaxing)
 .debug_str     0x00000000000036a8      0x140 ./Core/Src/Parse.o
                                       0x3023 (size before relaxing)
 .debug_str     0x00000000000037e8      0x2a1 ./Core/Src/RCC_program.o
                                       0x312d (size before relaxing)
 .debug_str     0x0000000000003a89      0x21b ./Core/Src/SYSTICK_program.o
                                       0x30ac (size before relaxing)
 .debug_str     0x0000000000003ca4      0x191 ./Core/Src/UART_program.o
                                       0x3053 (size before relaxing)
 .debug_str     0x0000000000003e35    0x7a460 ./Core/Src/main.o
                                      0x7da8a (size before relaxing)
 .debug_str     0x000000000007e295      0x32c ./Core/Src/stm32f1xx_hal_msp.o
                                      0x7d40f (size before relaxing)
 .debug_str     0x000000000007e5c1       0xf0 ./Core/Src/stm32f1xx_it.o
                                      0x7d0da (size before relaxing)
 .debug_str     0x000000000007e6b1       0x7e ./Core/Src/system_stm32f1xx.o
                                      0x7cdf3 (size before relaxing)
 .debug_str     0x000000000007e72f       0x34 ./Core/Startup/startup_stm32f103c8tx.o
                                         0x5b (size before relaxing)
 .debug_str     0x000000000007e763      0x37c ./Drivers/STM32F1xx_HAL_Driver/Src/stm32f1xx_hal.o
                                      0x7d526 (size before relaxing)
 .debug_str     0x000000000007eadf      0x3df ./Drivers/STM32F1xx_HAL_Driver/Src/stm32f1xx_hal_can.o
                                      0x7d5f3 (size before relaxing)
 .debug_str     0x000000000007eebe      0x26c ./Drivers/STM32F1xx_HAL_Driver/Src/stm32f1xx_hal_cortex.o
                                      0x7d472 (size before relaxing)
 .debug_str     0x000000000007f12a      0x2d3 ./Drivers/STM32F1xx_HAL_Driver/Src/stm32f1xx_hal_gpio.o
                                      0x7d179 (size before relaxing)
 .debug_str     0x000000000007f3fd      0x229 ./Drivers/STM32F1xx_HAL_Driver/Src/stm32f1xx_hal_rcc.o
                                      0x7d222 (size before relaxing)

.debug_frame    0x0000000000000000     0x17a8
 .debug_frame   0x0000000000000000       0x84 ./Core/Src/FPEC_program.o
 .debug_frame   0x0000000000000084       0x88 ./Core/Src/GPIO_program.o
 .debug_frame   0x000000000000010c       0xa8 ./Core/Src/Parse.o
 .debug_frame   0x00000000000001b4       0x80 ./Core/Src/RCC_program.o
 .debug_frame   0x0000000000000234      0x118 ./Core/Src/SYSTICK_program.o
 .debug_frame   0x000000000000034c       0xa8 ./Core/Src/UART_program.o
 .debug_frame   0x00000000000003f4       0xf4 ./Core/Src/main.o
 .debug_frame   0x00000000000004e8       0x80 ./Core/Src/stm32f1xx_hal_msp.o
 .debug_frame   0x0000000000000568      0x13c ./Core/Src/stm32f1xx_it.o
 .debug_frame   0x00000000000006a4       0x58 ./Core/Src/system_stm32f1xx.o
 .debug_frame   0x00000000000006fc      0x334 ./Drivers/STM32F1xx_HAL_Driver/Src/stm32f1xx_hal.o
 .debug_frame   0x0000000000000a30      0x5a0 ./Drivers/STM32F1xx_HAL_Driver/Src/stm32f1xx_hal_can.o
 .debug_frame   0x0000000000000fd0      0x428 ./Drivers/STM32F1xx_HAL_Driver/Src/stm32f1xx_hal_cortex.o
 .debug_frame   0x00000000000013f8      0x14c ./Drivers/STM32F1xx_HAL_Driver/Src/stm32f1xx_hal_gpio.o
 .debug_frame   0x0000000000001544      0x218 ./Drivers/STM32F1xx_HAL_Driver/Src/stm32f1xx_hal_rcc.o
 .debug_frame   0x000000000000175c       0x20 C:/ST/STM32CubeIDE_1.13.0/STM32CubeIDE/plugins/com.st.stm32cube.ide.mcu.externaltools.gnu-tools-for-stm32.11.3.rel1.win32_1.1.0.202305231506/tools/bin/../lib/gcc/arm-none-eabi/11.3.1/../../../../arm-none-eabi/lib/thumb/v7-m/nofp\libc_nano.a(libc_a-memset.o)
 .debug_frame   0x000000000000177c       0x2c C:/ST/STM32CubeIDE_1.13.0/STM32CubeIDE/plugins/com.st.stm32cube.ide.mcu.externaltools.gnu-tools-for-stm32.11.3.rel1.win32_1.1.0.202305231506/tools/bin/../lib/gcc/arm-none-eabi/11.3.1/../../../../arm-none-eabi/lib/thumb/v7-m/nofp\libc_nano.a(libc_a-init.o)

.debug_line_str
                0x0000000000000000       0x4f
 .debug_line_str
                0x0000000000000000       0x4f ./Core/Startup/startup_stm32f103c8tx.o
                                         0x67 (size before relaxing)
